APRS AFSK Generator Test Script
============================================================

>>> TESTING KNOWN-GOOD PACKET FROM GROK <<<
Packet length: 52 bytes
Calculated FCS: 0x9035
Packet: 7E 82 A0 84 9A 84 62 60 9E 9A 68 84 62 40 63 03 F0 21 30 37 33 34 2E 35 30 4E 2F 30 31 32 33 34 2E 35 30 57 2D 48 65 6C 6C 6F 20 77 6F 72 6C 64 21 35 90 7E

============================================================
Testing known-good packet...
============================================================

[Standard NRZI LSB] - Known-good
  Generated: known_good_Standard_NRZI_LSB.wav
python : Traceback (most recent call last):
At line:1 char:1
+ python aprs_generator_test.py > C:\Users\Joshua\Documents\android\pho ...
+ ~~~~~~~~~~~~~~~~~~~~~~~~~~~~~~~~~~~~~~~~~~~~~~~~~~~~~~~~~~~~~~~~~~~~~
    + CategoryInfo          : NotSpecified: (Traceback (most recent call last) 
   ::String) [], RemoteException
    + FullyQualifiedErrorId : NativeCommandError
 
  File "C:\Users\Joshua\Documents\android\phonedmrapp\aprs_generator_test.py", 
line 434, in <module>
    main()
    ~~~~^^
  File "C:\Users\Joshua\Documents\android\phonedmrapp\aprs_generator_test.py", 
line 338, in main
    print(f"  \u2717 Failed: 0 packets decoded")
    ~~~~~^^^^^^^^^^^^^^^^^^^^^^^^^^^^^^^^^^
  File "C:\Python314\Lib\encodings\cp1252.py", line 19, in encode
    return codecs.charmap_encode(input,self.errors,encoding_table)[0]
           ~~~~~~~~~~~~~~~~~~~~~^^^^^^^^^^^^^^^^^^^^^^^^^^^^^^^^^^
UnicodeEncodeError: 'charmap' codec can't encode character '\u2717' in 
position 2: character maps to <undefined>
